#date and time
PS C:\Users\nie1u> date

2020年5月1日 21:41:20

#system and hardware info
PS C:\Users\nie1u> systeminfo

主机名:           DESKTOP-1M5OM28
OS 名称:          Microsoft Windows 10 家庭中文版
OS 版本:          10.0.18363 暂缺 Build 18363
OS 制造商:        Microsoft Corporation
OS 配置:          独立工作站
OS 构件类型:      Multiprocessor Free
注册的所有人:     暂缺
注册的组织:       暂缺
产品 ID:          00342-30262-00002-AAOEM
初始安装日期:     2019/12/13, 11:51:09
系统启动时间:     2020/4/29, 14:00:01
系统制造商:       Dell Inc.
系统型号:         G3 3579
系统类型:         x64-based PC
处理器:           安装了 1 个处理器。
                  [01]: Intel64 Family 6 Model 158 Stepping 10 GenuineIntel ~2208 Mhz
BIOS 版本:        Dell Inc. 1.11.0, 2019/11/18
Windows 目录:     C:\WINDOWS
系统目录:         C:\WINDOWS\system32
启动设备:         \Device\HarddiskVolume3
系统区域设置:     zh-cn;中文(中国)
输入法区域设置:   zh-cn;中文(中国)
时区:             (UTC+08:00) 北京，重庆，香港特别行政区，乌鲁木齐
物理内存总量:     8,052 MB
可用的物理内存:   4,816 MB
虚拟内存: 最大值: 14,504 MB
虚拟内存: 可用:   7,094 MB
虚拟内存: 使用中: 7,410 MB
页面文件位置:     C:\pagefile.sys
域:               WORKGROUP
登录服务器:       \\DESKTOP-1M5OM28
修补程序:         安装了 10 个修补程序。
                  [01]: KB4537572
                  [02]: KB4516115
                  [03]: KB4517245
                  [04]: KB4524569
                  [05]: KB4528759
                  [06]: KB4537759
                  [07]: KB4538674
                  [08]: KB4541338
                  [09]: KB4552152
                  [10]: KB4549951
网卡:             安装了 4 个 NIC。
                  [01]: Sangfor SSL VPN CS Support System VNIC
                      连接名:      以太网 2
                      状态:        媒体连接已中断
                  [02]: Realtek PCIe GBE Family Controller
                      连接名:      以太网
                      状态:        媒体连接已中断
                  [03]: Intel(R) Wireless-AC 9462
                      连接名:      WLAN
                      启用 DHCP:   是
                      DHCP 服务器: 192.168.1.1
                      IP 地址
                        [01]: 192.168.1.103
                        [02]: fe80::514c:1907:f88:ad2a
                  [04]: VirtualBox Host-Only Ethernet Adapter
                      连接名:      以太网 3
                      启用 DHCP:   否
                      IP 地址
                        [01]: 192.168.56.1
                        [02]: fe80::c9ff:d2ce:f627:162e
Hyper-V 要求:     虚拟机监视器模式扩展: 是
                  固件中已启用虚拟化: 是
                  二级地址转换: 是
                  数据执行保护可用: 是


#disk information
PS C:\Users\nie1u> diskext64

DiskExt v1.2 - Disk extent dumper
Copyright (C) 2001-2016 Mark Russinovich
Sysinternals - www.sysinternals.com

Volume: \\?\Volume{48e0d216-e71c-4db8-be18-86698959f3c0}\
   Mounted at: D:\
   Extent [1]:
       Disk:   0
       Offset: 135266304
       Length: 1000068874240
Volume: \\?\Volume{acbe0074-f7c3-4472-91c7-eac0f710f40e}\
   Mounted at: C:\
   Extent [1]:
       Disk:   1
       Offset: 816840704
       Length: 111317070336
Volume: \\?\Volume{1d25a47f-e36b-46f4-b1cf-2bdd38c8611d}\
   Mounted at: <unmounted>
   Extent [1]:
       Disk:   1
       Offset: 112134717440
       Length: 946864128
Volume: \\?\Volume{b44df214-be72-412a-9daa-303121a11ebf}\
   Mounted at: <unmounted>
   Extent [1]:
       Disk:   1
       Offset: 113969725440
       Length: 12810452992
Volume: \\?\Volume{61461fbd-b2d7-46e2-b120-8c2afb8a9fac}\
   Mounted at: <unmounted>
   Extent [1]:
       Disk:   1
       Offset: 126781227008
       Length: 1243611136
Volume: \\?\Volume{4440ba43-1d01-4e07-8f32-c18b9308e009}\
   Mounted at: <unmounted>
   Error getting extents
拒绝访问。


#uptime
PS C:\Users\nie1u\Desktop> (get-date) - (gcim Win32_OperatingSystem).LastBootUpTime


Days              : 2
Hours             : 7
Minutes           : 51
Seconds           : 37
Milliseconds      : 437
Ticks             : 2010974374421
TotalDays         : 2.32751663706134
TotalHours        : 55.8603992894722
TotalMinutes      : 3351.62395736833
TotalSeconds      : 201097.4374421
TotalMilliseconds : 201097437.4421

#services information
PS C:\Users\nie1u\Desktop> autorunsc64.exe

Sysinternals Autoruns v13.96 - Autostart program viewer
Copyright (C) 2002-2019 Mark Russinovich
Sysinternals - www.sysinternals.com


HKLM\System\CurrentControlSet\Control\Terminal Server\Wds\rdpwd\StartupPrograms
   rdpclip
     rdpclip
     RDP ???????
     Microsoft Corporation
     10.0.18362.752
     c:\windows\system32\rdpclip.exe
     1921/12/1 20:34

HKLM\SOFTWARE\Microsoft\Windows NT\CurrentVersion\Winlogon\Userinit
   C:\Windows\system32\userinit.exe
     C:\Windows\system32\userinit.exe
     Userinit ??????
     Microsoft Corporation
     10.0.18362.1
     c:\windows\system32\userinit.exe
     1940/8/17 19:07

HKLM\SOFTWARE\Microsoft\Windows NT\CurrentVersion\Winlogon\VmApplet
   SystemPropertiesPerformance.exe
     SystemPropertiesPerformance.exe
     ?????????
     Microsoft Corporation
     10.0.18362.1
     c:\windows\system32\systempropertiesperformance.exe
     1969/7/2 16:26

HKLM\SOFTWARE\Microsoft\Windows NT\CurrentVersion\Winlogon\Shell
   explorer.exe
     explorer.exe
     Windows ?????
     Microsoft Corporation
     10.0.18362.693
     c:\windows\explorer.exe
     2017/1/16 8:53

HKLM\SYSTEM\CurrentControlSet\Control\SafeBoot\AlternateShell
   cmd.exe
     cmd.exe
     Windows ??????
     Microsoft Corporation
     10.0.18362.449
     c:\windows\system32\cmd.exe
     1914/12/28 14:19

HKLM\SOFTWARE\Microsoft\Windows\CurrentVersion\Run
   SecurityHealth
     %windir%\system32\SecurityHealthSystray.exe
     Windows Security notification icon
     Microsoft Corporation
     10.0.18362.628
     c:\windows\system32\securityhealthsystray.exe
     2032/12/4 8:10
   RtkAudUService
     "C:\WINDOWS\System32\RtkAudUService64.exe" -background
     Realtek HD Audio Universal Service
     Realtek Semiconductor
     1.0.0.176
     c:\windows\system32\rtkauduservice64.exe
     2019/2/22 14:16
   WavesSvc
     "C:\WINDOWS\System32\DriverStore\FileRepository\wavesapo75de.inf_amd64_ea0ec4bdf897f2a9\WavesSvc64.exe" -Jack
     Waves MaxxAudio Service Application
     Waves Audio Ltd.
     1.17.19.0
     c:\windows\system32\driverstore\filerepository\wavesapo75de.inf_amd64_ea0ec4bdf897f2a9\wavessvc64.exe
     2018/3/25 3:46
   DellMobileConnectWelcome
     C:\Program Files\Dell\DellMobileConnectDrivers\DellMobileConnectWelcome.exe
     DellMobileConnectWelcome
     Screenovate Technologies Ltd.
     1.1.0.3750
     c:\program files\dell\dellmobileconnectdrivers\dellmobileconnectwelcome.exe
     2017/11/6 4:04
   IAStorIcon
     "C:\Program Files\Intel\Intel(R) Rapid Storage Technology\IAStorIconLaunch.exe" "C:\Program Files\Intel\Intel(R) Rapid Storage Technology\IAStorIcon.exe" 60
     Delayed launcher
     Intel Corporation
     1.0.0.1
     c:\program files\intel\intel(r) rapid storage technology\iastoriconlaunch.exe
     2019/5/30 22:31

HKLM\SOFTWARE\Wow6432Node\Microsoft\Windows\CurrentVersion\Run
   PulseSecure
     C:\Program Files (x86)\Common Files\Pulse Secure\JamUI\Pulse.exe -tray
     Pulse Secure User Interface
     9.0.3.1599
     c:\program files (x86)\common files\pulse secure\jamui\pulse.exe
     2018/11/27 3:43
   SunJavaUpdateSched
     "C:\Program Files (x86)\Common Files\Java\Java Update\jusched.exe"
     Java Update Scheduler
     Oracle Corporation
     2.8.251.8
     c:\program files (x86)\common files\java\java update\jusched.exe
     2020/3/12 15:51

HKLM\SOFTWARE\Microsoft\Active Setup\Installed Components
   Microsoft Windows Media Player
     %SystemRoot%\system32\unregmp2.exe /ShowWMP
     Microsoft Windows Media Player ??????
     Microsoft Corporation
     12.0.18362.1
     c:\windows\system32\unregmp2.exe
     1905/1/19 16:25
   Themes Setup
     themeui.dll
     Windows ?? API
     Microsoft Corporation
     10.0.18362.1
     c:\windows\system32\themeui.dll
     2004/6/4 0:28
   Microsoft Windows Media Player
     %SystemRoot%\system32\unregmp2.exe /FirstLogon
     Microsoft Windows Media Player ??????
     Microsoft Corporation
     12.0.18362.1
     c:\windows\system32\unregmp2.exe
     1905/1/19 16:25
   Windows Desktop Update
     shell32.dll
     Windows Shell ?? DLL
     Microsoft Corporation
     10.0.18362.719
     c:\windows\system32\shell32.dll
     2021/3/19 19:01
   Web Platform Customizations
     C:\Windows\System32\ie4uinit.exe -UserConfig
     IE ????????
     Microsoft Corporation
     11.0.18362.628
     c:\windows\system32\ie4uinit.exe
     1912/12/24 7:59
   n/a
     C:\Windows\System32\Rundll32.exe C:\Windows\System32\mscories.dll,Install
     Microsoft .NET IE SECURITY REGISTRATION
     Microsoft Corporation
     2.0.50727.9136
     c:\windows\system32\mscories.dll
     2019/3/4 20:54
   Google Chrome
     "C:\Program Files (x86)\Google\Chrome\Application\81.0.4044.129\Installer\chrmstp.exe" --configure-user-settings --verbose-logging --system-level
     Google Chrome Installer
     Google LLC
     81.0.4044.129
     c:\program files (x86)\google\chrome\application\81.0.4044.129\installer\chrmstp.exe
     2020/4/25 8:10

HKLM\SOFTWARE\Wow6432Node\Microsoft\Active Setup\Installed Components
   Microsoft Windows Media Player
     %SystemRoot%\system32\unregmp2.exe /ShowWMP
     Microsoft Windows Media Player Setup Utility
     Microsoft Corporation
     12.0.18362.1
     c:\windows\syswow64\unregmp2.exe
     1982/6/14 6:30
   Microsoft Windows Media Player
     %SystemRoot%\system32\unregmp2.exe /FirstLogon
     Microsoft Windows Media Player Setup Utility
     Microsoft Corporation
     12.0.18362.1
     c:\windows\syswow64\unregmp2.exe
     1982/6/14 6:30
   n/a
     C:\Windows\SysWOW64\Rundll32.exe C:\Windows\SysWOW64\mscories.dll,Install
     Microsoft .NET IE SECURITY REGISTRATION
     Microsoft Corporation
     2.0.50727.9136
     c:\windows\syswow64\mscories.dll
     2019/3/5 2:12

HKLM\Software\Microsoft\Windows NT\CurrentVersion\Windows\IconServiceLib
   IconCodecService.dll
     IconCodecService.dll
     Converts a PNG part of the icon to a legacy bmp icon
     Microsoft Corporation
     10.0.18362.1
     c:\windows\system32\iconcodecservice.dll
     1943/11/28 10:47

HKCU\SOFTWARE\Microsoft\Windows\CurrentVersion\Run
   OneDrive
     "C:\Users\nie1u\AppData\Local\Microsoft\OneDrive\OneDrive.exe" /background
     Microsoft OneDrive
     Microsoft Corporation
     19.232.1124.12
     c:\users\nie1u\appdata\local\microsoft\onedrive\onedrive.exe
     1908/5/24 3:47
   Steam
     "C:\Program Files (x86)\Steam\steam.exe" -silent
     Steam Client Bootstrapper
     Valve Corporation
     5.79.39.85
     c:\program files (x86)\steam\steam.exe
     2020/4/4 8:38
   TIM
     "C:\Program Files (x86)\Tencent\TIM\Bin\TIM.exe" /background
     TIM
     Tencent
     2.3.2.21173
     c:\program files (x86)\tencent\tim\bin\tim.exe
     2019/8/21 22:15
   BaiduYunGuanjia
     "C:\Users\nie1u\AppData\Roaming\baidu\BaiduNetdisk\baidunetdisk.exe" AutoRun
     BaiduNetdisk
     6.9.1.2
     c:\users\nie1u\appdata\roaming\baidu\baidunetdisk\baidunetdisk.exe
     2020/3/18 18:40
   BaiduYunDetect
     "C:\Users\nie1u\AppData\Roaming\baidu\BaiduNetdisk\YunDetectService.exe"
     c:\users\nie1u\appdata\roaming\baidu\baidunetdisk\yundetectservice.exe
     2020/3/18 18:44
   Skype for Desktop
     C:\Program Files (x86)\Microsoft\Skype for Desktop\Skype.exe
     Skype
     Skype Technologies S.A.
     8.34.0.78
     c:\program files (x86)\microsoft\skype for desktop\skype.exe
     2018/10/13 0:32
   iCloudServices
     "C:\Program Files (x86)\Common Files\Apple\Internet Services\iCloudServices.exe"
     iCloud Services
     Apple Inc.
     73.4.0.10
     c:\program files (x86)\common files\apple\internet services\icloudservices.exe
     2018/6/23 18:02
   AppleIEDAV
     C:\Program Files (x86)\Common Files\Apple\Internet Services\AppleIEDAV.exe
     iCloud IE Bookmarks
     Apple Inc.
     2.1.15.106
     c:\program files (x86)\common files\apple\internet services\appleiedav.exe
     2018/6/23 18:02
   ApplePhotoStreams
     C:\Program Files (x86)\Common Files\Apple\Internet Services\ApplePhotoStreams.exe
     iCloud Photo Stream
     Apple Inc.
     69.3.0.22
     c:\program files (x86)\common files\apple\internet services\applephotostreams.exe
     2018/6/23 18:02
   iCloudDrive
     C:\Program Files (x86)\Common Files\Apple\Internet Services\iCloudDrive.exe
     iCloud Drive
     Apple Inc.
     1.7.32.12
     c:\program files (x86)\common files\apple\internet services\iclouddrive.exe
     2018/6/23 18:02
   iCloudPhotos
     C:\Program Files (x86)\Common Files\Apple\Internet Services\iCloudPhotos.exe
     iCloud Photo Library
     Apple Inc.
     159.1.0.12
     c:\program files (x86)\common files\apple\internet services\icloudphotos.exe
     2018/6/23 18:02
   Web Companion
     C:\Program Files (x86)\Lavasoft\Web Companion\Application\WebCompanion.exe --minimize
     File not found: C:\Program Files (x86)\Lavasoft\Web Companion\Application\WebCompanion.exe --minimize.exe


C:\Users\nie1u\AppData\Roaming\Microsoft\Windows\Start Menu\Programs\Startup
   ??? OneNote.lnk
     C:\Users\nie1u\AppData\Roaming\Microsoft\Windows\Start Menu\Programs\Startup\??? OneNote.lnk
     Send to OneNote Tool
     Microsoft Corporation
     16.0.4266.1001
     c:\program files\microsoft office\office16\onenotem.exe
     2015/7/30 20:29

HKCU\SOFTWARE\Microsoft\Windows\CurrentVersion\Run
   OneDrive
     "C:\Users\nie1u\AppData\Local\Microsoft\OneDrive\OneDrive.exe" /background
     Microsoft OneDrive
     Microsoft Corporation
     19.232.1124.12
     c:\users\nie1u\appdata\local\microsoft\onedrive\onedrive.exe
     1908/5/24 3:47
   Steam
     "C:\Program Files (x86)\Steam\steam.exe" -silent
     Steam Client Bootstrapper
     Valve Corporation
     5.79.39.85
     c:\program files (x86)\steam\steam.exe
     2020/4/4 8:38
   TIM
     "C:\Program Files (x86)\Tencent\TIM\Bin\TIM.exe" /background
     TIM
     Tencent
     2.3.2.21173
     c:\program files (x86)\tencent\tim\bin\tim.exe
     2019/8/21 22:15
   BaiduYunGuanjia
     "C:\Users\nie1u\AppData\Roaming\baidu\BaiduNetdisk\baidunetdisk.exe" AutoRun
     BaiduNetdisk
     6.9.1.2
     c:\users\nie1u\appdata\roaming\baidu\baidunetdisk\baidunetdisk.exe
     2020/3/18 18:40
   BaiduYunDetect
     "C:\Users\nie1u\AppData\Roaming\baidu\BaiduNetdisk\YunDetectService.exe"
     c:\users\nie1u\appdata\roaming\baidu\baidunetdisk\yundetectservice.exe
     2020/3/18 18:44
   Skype for Desktop
     C:\Program Files (x86)\Microsoft\Skype for Desktop\Skype.exe
     Skype
     Skype Technologies S.A.
     8.34.0.78
     c:\program files (x86)\microsoft\skype for desktop\skype.exe
     2018/10/13 0:32
   iCloudServices
     "C:\Program Files (x86)\Common Files\Apple\Internet Services\iCloudServices.exe"
     iCloud Services
     Apple Inc.
     73.4.0.10
     c:\program files (x86)\common files\apple\internet services\icloudservices.exe
     2018/6/23 18:02
   AppleIEDAV
     C:\Program Files (x86)\Common Files\Apple\Internet Services\AppleIEDAV.exe
     iCloud IE Bookmarks
     Apple Inc.
     2.1.15.106
     c:\program files (x86)\common files\apple\internet services\appleiedav.exe
     2018/6/23 18:02
   ApplePhotoStreams
     C:\Program Files (x86)\Common Files\Apple\Internet Services\ApplePhotoStreams.exe
     iCloud Photo Stream
     Apple Inc.
     69.3.0.22
     c:\program files (x86)\common files\apple\internet services\applephotostreams.exe
     2018/6/23 18:02
   iCloudDrive
     C:\Program Files (x86)\Common Files\Apple\Internet Services\iCloudDrive.exe
     iCloud Drive
     Apple Inc.
     1.7.32.12
     c:\program files (x86)\common files\apple\internet services\iclouddrive.exe
     2018/6/23 18:02
   iCloudPhotos
     C:\Program Files (x86)\Common Files\Apple\Internet Services\iCloudPhotos.exe
     iCloud Photo Library
     Apple Inc.
     159.1.0.12
     c:\program files (x86)\common files\apple\internet services\icloudphotos.exe
     2018/6/23 18:02
   Web Companion
     C:\Program Files (x86)\Lavasoft\Web Companion\Application\WebCompanion.exe --minimize
     File not found: C:\Program Files (x86)\Lavasoft\Web Companion\Application\WebCompanion.exe --minimize.exe


C:\Users\nie1u\AppData\Roaming\Microsoft\Windows\Start Menu\Programs\Startup
   ??? OneNote.lnk
     C:\Users\nie1u\AppData\Roaming\Microsoft\Windows\Start Menu\Programs\Startup\??? OneNote.lnk
     Send to OneNote Tool
     Microsoft Corporation
     16.0.4266.1001
     c:\program files\microsoft office\office16\onenotem.exe
     2015/7/30 20:29

#NIC information
PS C:\Users\nie1u> ipconfig /all

Windows IP 配置

   主机名  . . . . . . . . . . . . . : DESKTOP-1M5OM28
   主 DNS 后缀 . . . . . . . . . . . :
   节点类型  . . . . . . . . . . . . : 混合
   IP 路由已启用 . . . . . . . . . . : 否
   WINS 代理已启用 . . . . . . . . . : 否

以太网适配器 以太网 2:

   媒体状态  . . . . . . . . . . . . : 媒体已断开连接
   连接特定的 DNS 后缀 . . . . . . . :
   描述. . . . . . . . . . . . . . . : Sangfor SSL VPN CS Support System VNIC
   物理地址. . . . . . . . . . . . . : 00-FF-C7-14-44-C7
   DHCP 已启用 . . . . . . . . . . . : 否
   自动配置已启用. . . . . . . . . . : 是

以太网适配器 以太网:

   媒体状态  . . . . . . . . . . . . : 媒体已断开连接
   连接特定的 DNS 后缀 . . . . . . . :
   描述. . . . . . . . . . . . . . . : Realtek PCIe GBE Family Controller
   物理地址. . . . . . . . . . . . . : 54-BF-64-13-CF-80
   DHCP 已启用 . . . . . . . . . . . : 是
   自动配置已启用. . . . . . . . . . : 是

以太网适配器 以太网 3:

   连接特定的 DNS 后缀 . . . . . . . :
   描述. . . . . . . . . . . . . . . : VirtualBox Host-Only Ethernet Adapter
   物理地址. . . . . . . . . . . . . : 0A-00-27-00-00-04
   DHCP 已启用 . . . . . . . . . . . : 否
   自动配置已启用. . . . . . . . . . : 是
   本地链接 IPv6 地址. . . . . . . . : fe80::c9ff:d2ce:f627:162e%4(首选)
   IPv4 地址 . . . . . . . . . . . . : 192.168.56.1(首选)
   子网掩码  . . . . . . . . . . . . : 255.255.255.0
   默认网关. . . . . . . . . . . . . :
   DHCPv6 IAID . . . . . . . . . . . : 1174536268
   DHCPv6 客户端 DUID  . . . . . . . : 00-01-00-01-22-8D-FE-03-54-BF-64-13-CF-80
   DNS 服务器  . . . . . . . . . . . : fec0:0:0:ffff::1%1
                                       fec0:0:0:ffff::2%1
                                       fec0:0:0:ffff::3%1
   TCPIP 上的 NetBIOS  . . . . . . . : 已启用

无线局域网适配器 本地连接* 1:

   媒体状态  . . . . . . . . . . . . : 媒体已断开连接
   连接特定的 DNS 后缀 . . . . . . . :
   描述. . . . . . . . . . . . . . . : Microsoft Wi-Fi Direct Virtual Adapter
   物理地址. . . . . . . . . . . . . : 5C-5F-67-2C-A4-17
   DHCP 已启用 . . . . . . . . . . . : 是
   自动配置已启用. . . . . . . . . . : 是

无线局域网适配器 本地连接* 2:

   媒体状态  . . . . . . . . . . . . : 媒体已断开连接
   连接特定的 DNS 后缀 . . . . . . . :
   描述. . . . . . . . . . . . . . . : Microsoft Wi-Fi Direct Virtual Adapter #2
   物理地址. . . . . . . . . . . . . : 5E-5F-67-2C-A4-16
   DHCP 已启用 . . . . . . . . . . . : 是
   自动配置已启用. . . . . . . . . . : 是

无线局域网适配器 WLAN:

   连接特定的 DNS 后缀 . . . . . . . :
   描述. . . . . . . . . . . . . . . : Intel(R) Wireless-AC 9462
   物理地址. . . . . . . . . . . . . : 5C-5F-67-2C-A4-16
   DHCP 已启用 . . . . . . . . . . . : 是
   自动配置已启用. . . . . . . . . . : 是
   本地链接 IPv6 地址. . . . . . . . : fe80::514c:1907:f88:ad2a%22(首选)
   IPv4 地址 . . . . . . . . . . . . : 192.168.1.103(首选)
   子网掩码  . . . . . . . . . . . . : 255.255.255.0
   获得租约的时间  . . . . . . . . . : 2020年5月1日 15:50:12
   租约过期的时间  . . . . . . . . . : 2020年5月1日 23:50:12
   默认网关. . . . . . . . . . . . . : 192.168.1.1
   DHCP 服务器 . . . . . . . . . . . : 192.168.1.1
   DHCPv6 IAID . . . . . . . . . . . : 56385383
   DHCPv6 客户端 DUID  . . . . . . . : 00-01-00-01-22-8D-FE-03-54-BF-64-13-CF-80
   DNS 服务器  . . . . . . . . . . . : 192.168.1.1
   TCPIP 上的 NetBIOS  . . . . . . . : 已启用

#route information
PS C:\Users\nie1u> route print
===========================================================================
接口列表
 25...00 ff c7 14 44 c7 ......Sangfor SSL VPN CS Support System VNIC
 26...54 bf 64 13 cf 80 ......Realtek PCIe GBE Family Controller
  4...0a 00 27 00 00 04 ......VirtualBox Host-Only Ethernet Adapter
 27...5c 5f 67 2c a4 17 ......Microsoft Wi-Fi Direct Virtual Adapter
 13...5e 5f 67 2c a4 16 ......Microsoft Wi-Fi Direct Virtual Adapter #2
 22...5c 5f 67 2c a4 16 ......Intel(R) Wireless-AC 9462
  1...........................Software Loopback Interface 1
===========================================================================

IPv4 路由表
===========================================================================
活动路由:
网络目标              网络掩码          网关       接口   跃点数
          0.0.0.0          0.0.0.0      192.168.1.1    192.168.1.103     35
        127.0.0.0        255.0.0.0            在链路上         127.0.0.1    331
        127.0.0.1  255.255.255.255            在链路上         127.0.0.1    331
  127.255.255.255  255.255.255.255            在链路上         127.0.0.1    331
      192.168.1.0    255.255.255.0            在链路上     192.168.1.103    291
    192.168.1.103  255.255.255.255            在链路上     192.168.1.103    291
    192.168.1.255  255.255.255.255            在链路上     192.168.1.103    291
     192.168.56.0    255.255.255.0            在链路上      192.168.56.1    281
     192.168.56.1  255.255.255.255            在链路上      192.168.56.1    281
   192.168.56.255  255.255.255.255            在链路上      192.168.56.1    281
        224.0.0.0        240.0.0.0            在链路上         127.0.0.1    331
        224.0.0.0        240.0.0.0            在链路上      192.168.56.1    281
        224.0.0.0        240.0.0.0            在链路上     192.168.1.103    291
  255.255.255.255  255.255.255.255            在链路上         127.0.0.1    331
  255.255.255.255  255.255.255.255            在链路上      192.168.56.1    281
  255.255.255.255  255.255.255.255            在链路上     192.168.1.103    291
===========================================================================
永久路由:
  无

IPv6 路由表
===========================================================================
活动路由:
 接口跃点数网络目标                网关
  1    331 ::1/128                  在链路上
  4    281 fe80::/64                在链路上
 22    291 fe80::/64                在链路上
 22    291 fe80::514c:1907:f88:ad2a/128
                                    在链路上
  4    281 fe80::c9ff:d2ce:f627:162e/128
                                    在链路上
  1    331 ff00::/8                 在链路上
  4    281 ff00::/8                 在链路上
 22    291 ff00::/8                 在链路上
===========================================================================
永久路由:
  无

#arp information
PS C:\Users\nie1u> arp -a

接口: 192.168.56.1 --- 0x4
  Internet 地址         物理地址              类型
  192.168.56.255        ff-ff-ff-ff-ff-ff     静态
  224.0.0.2             01-00-5e-00-00-02     静态
  224.0.0.22            01-00-5e-00-00-16     静态
  224.0.0.251           01-00-5e-00-00-fb     静态
  224.0.0.252           01-00-5e-00-00-fc     静态
  239.255.255.250       01-00-5e-7f-ff-fa     静态
  255.255.255.255       ff-ff-ff-ff-ff-ff     静态

接口: 192.168.1.103 --- 0x16
  Internet 地址         物理地址              类型
  192.168.1.1           24-69-68-f7-8b-7a     动态
  192.168.1.101         2c-f0-a2-8d-9c-10     动态
  192.168.1.104         70-ef-00-89-7d-c2     动态
  192.168.1.106         c8-f2-30-ae-80-e6     动态
  192.168.1.255         ff-ff-ff-ff-ff-ff     静态
  224.0.0.2             01-00-5e-00-00-02     静态
  224.0.0.22            01-00-5e-00-00-16     静态
  224.0.0.251           01-00-5e-00-00-fb     静态
  224.0.0.252           01-00-5e-00-00-fc     静态
  239.255.255.250       01-00-5e-7f-ff-fa     静态
  255.255.255.255       ff-ff-ff-ff-ff-ff     静态


#processes information
PS C:\Users\nie1u> pslist.exe

PsList v1.4 - Process information lister
Copyright (C) 2000-2016 Mark Russinovich
Sysinternals - www.sysinternals.com

Process information for DESKTOP-1M5OM28:

Name                Pid Pri Thd  Hnd   Priv        CPU Time    Elapsed Time
Idle                  0   0  12    0     60   299:11:41.921    55:58:42.140
System                4   8 247 7099    196     0:53:05.687    55:58:42.140
Registry            144   8   4    0  14728     0:00:04.437    55:58:50.870
smss                628  11   2   53   1156     0:00:00.093    55:58:42.132
csrss               740  13  12  888   1996     0:00:06.093    55:58:35.370
wininit             840  13   1  162   1836     0:00:00.125    55:58:33.414
services            912   9   6  830   6088     0:00:24.875    55:58:33.287
lsass               932   9  10 2151  15872     0:01:01.156    55:58:33.242
svchost             532   8   2   86    964     0:00:00.000    55:58:32.922
svchost             648   8  21 1444  19060     0:02:29.843    55:58:32.911
WUDFHost            680  13  10  306   6492     0:00:01.546    55:58:32.881
fontdrvhost         616   8   5   32   2488     0:00:00.015    55:58:32.880
svchost            1048   8  18 1493  13544     0:02:13.343    55:58:32.741
svchost            1164   8   4  287   2848     0:00:02.921    55:58:32.715
svchost            1416   8   4  258   2852     0:00:00.562    55:58:32.529
svchost            1424   8   3  159   2308     0:00:00.312    55:58:32.528
svchost            1508   8  10  408   6908     0:00:03.890    55:58:32.511
svchost            1540   8   3  266   2956     0:00:00.515    55:58:32.503
svchost            1560   8   6  136   1648     0:00:00.031    55:58:32.500
svchost            1580   8   4  233   3068     0:00:00.359    55:58:32.498
svchost            1764   8   8  450  16152     0:00:03.609    55:58:32.447
svchost            1828   8   3  199   2336     0:00:04.640    55:58:32.431
svchost            1856   8   5  808   3268     0:00:06.718    55:58:32.425
svchost            1916   8   3  226   2476     0:00:00.078    55:58:32.405
svchost            2004   8   3  166   7944     0:00:07.984    55:58:32.394
NVDisplay.Container  2028   8   7  282   4040     0:00:00.640    55:58:32.391
svchost            1040   8  13  241   3284     0:00:33.109    55:58:32.381
svchost            2076   8   6  234   2868     0:01:05.078    55:58:32.333
svchost            2084   8   3  247   1340     0:00:00.515    55:58:32.333
svchost            2096   8   5  186   2088     0:00:00.140    55:58:32.332
svchost            2196   8  12  401   5892     0:00:27.593    55:58:32.323
svchost            2288   8   2  230   2524     0:00:00.562    55:58:32.287
Memory Compression  2296   8 146    0   2104     0:22:52.234    55:58:32.287
svchost            2356   8  11  290  14032     0:01:34.359    55:58:32.273
igfxCUIService     2364   8   2  172   2092     0:00:00.140    55:58:32.271
svchost            2432   8  15  306   4092     0:01:46.078    55:58:32.252
svchost            2452   8   2  129   1692     0:00:00.078    55:58:32.246
svchost            2516   8   3  185   1840     0:00:00.203    55:58:32.221
svchost            2524   8   6  166   2112     0:00:33.812    55:58:32.221
svchost            2624   8   8  963   3684     0:00:12.953    55:58:32.187
svchost            2752   8   9  414   4504     0:00:08.796    55:58:32.109
svchost            2896   8   5  142   1936     0:00:01.531    55:58:31.995
svchost            2904   8  11  378   3304     0:00:01.546    55:58:31.994
PulseSecureService  2936   8  12  589   8336     0:00:01.390    55:58:31.988
svchost            2980   8   4  201   2120     0:00:00.062    55:58:31.975
svchost            3064   8   6  299   4072     0:00:00.390    55:58:31.924
svchost            2244   8  29  249   4784     0:00:54.687    55:58:31.902
svchost            3152   8  17  552   7524     0:00:04.546    55:58:31.844
svchost            3296   8   2 4018   6724     0:00:00.734    55:58:31.628
svchost            3368   8   5  256   3172     0:00:00.703    55:58:31.596
spoolsv            3508   8   9  439   6160     0:00:00.703    55:58:31.550
svchost            3552   8  16  453  12668     0:00:19.265    55:58:31.512
svchost            3596   8   7  193   2184     0:00:01.859    55:58:31.482
svchost            3952   8   4  184   1896     0:00:00.125    55:58:31.258
svchost            3960   8   5  285   4616     0:00:01.671    55:58:31.257
CAJSHost           3972   8   2  180   3408     0:00:00.015    55:58:31.257
svchost            3980   8  25  423  32788     0:01:20.015    55:58:31.257
svchost            3988   8   2  112   1248     0:00:00.031    55:58:31.256
svchost            4008   8  16  597  25932     0:00:45.031    55:58:31.255
armsvc             4016   8   2  147   1380     0:00:00.000    55:58:31.255
svchost            4028   8  11  445  10380     0:00:25.406    55:58:31.254
IntelCpHDCPSvc     4036   8   3  148   1672     0:00:00.031    55:58:31.254
EvtEng             4052   8  18  352   6092     0:00:00.953    55:58:31.252
esif_uf            4060  13   3   99   1568     0:00:00.015    55:58:31.252
mDNSResponder      4068   8   4  176   2516     0:00:03.343    55:58:31.251
svchost            4084   8   2  135   1732     0:00:00.031    55:58:31.250
svchost            2848   8   8  442   5556     0:00:01.468    55:58:31.250
svchost            3200   8   3  137   1328     0:00:00.046    55:58:31.249
servicehost        4128   8   2  129   1576     0:00:00.046    55:58:31.244
SangforPromoteService  4136   8  13  429   8448     0:00:28.437    55:58:31.244
WavesSysSvc64      4156   8   2  215   3780     0:00:00.140    55:58:31.243
RtkAudUService64   4164   8   8  302   2536     0:00:00.187    55:58:31.243
RegSrvc            4172   8   2  181   2152     0:00:00.109    55:58:31.243
nvcontainer        4228   8  37  651  12012     0:00:07.640    55:58:31.241
QQProtect          4248   8  19  474  19320     0:00:04.687    55:58:31.240
NvTelemetryContainer  4256   8  10  295   5976     0:00:01.453    55:58:31.240
RstMwService       4264   8   5  163   1712     0:00:00.062    55:58:31.240
sqlservr           4284   8  54  558  58640     0:35:00.812    55:58:31.239
sqlwriter          4292   8   2  140   2104     0:00:00.046    55:58:31.239
ZeroConfigService  4412   8  13  339   6324     0:00:03.500    55:58:31.232
svchost            4476   8  18  218   2608     0:00:00.046    55:58:31.225
OriginWebHelperService  4628   4  18  404   9468     0:00:12.296    55:58:31.207
jtagserver         4672   8   4  124   4516     0:00:00.234    55:58:31.193
svchost            4708   8   3  109   1312     0:00:00.031    55:58:31.184
dasHost            4812   8   5  369   6108     0:00:01.500    55:58:31.155
svchost            4924   8   6  210   2564     0:00:00.484    55:58:31.135
svchost            5008   8   6  485   4044     0:00:03.843    55:58:31.111
svchost            5072   8  15  410   3984     0:00:02.390    55:58:31.087
IntelCpHeciSvc     5176   8   3  137   1604     0:00:00.031    55:58:31.030
svchost            6096   8  11  297   3128     0:00:03.265    55:58:30.622
cav                5808   8  18  192  24556     0:00:00.218    55:58:30.535
conhost            5792   8   4  157   6716     0:00:00.187    55:58:30.533
sqlceip            6192   6  11  592  39616     0:00:02.765    55:58:30.437
SearchIndexer      6796   8  16  895  50116     0:02:16.281    55:58:29.572
PulseSecureService  6856   8   5  326   3700     0:00:00.171    55:58:29.509
unsecapp           7712   8   4  146   2348     0:00:00.250    55:58:27.990
WmiPrvSE           7732   8  10  498  17416     0:00:49.578    55:58:27.981
PresentationFontCache  3904   8   4  239  24284     0:00:00.171    55:58:23.429
svchost            8272   8   6  272   4548     0:00:27.265    55:58:23.404
svchost            8416   8   4  185   1908     0:00:00.093    55:58:23.369
svchost            8876   8   4  361   3672     0:00:02.859    55:58:22.068
svchost           10596   8   5  282   3956     0:00:02.062    55:58:20.146
svchost           11956   8   7  226   4588     0:00:00.484    55:58:17.862
svchost           12980   8   8  343   4564     0:00:00.609    55:58:12.948
svchost           12636   8   2  146   1820     0:00:00.046    55:58:11.402
svchost           12716   8   6  277   3204     0:00:01.609    55:58:11.349
SecurityHealthService 13572   8  13  465   4876     0:00:00.781    55:58:09.527
svchost            9912   8   5  393   7088     0:00:01.843    55:57:38.703
svchost            2768   8   4  234   3068     0:00:00.171    55:57:11.517
svchost            4396   8   3  276   2640     0:00:00.484    55:57:01.737
DellSupportAssistRemedationService  7468   8  15  808  59348     0:01:17.203    55:56:27.480
ServiceShell       2000   8  22 1240  50816     0:00:02.515    55:56:27.229
IAStorDataMgrSvc  12468   8   6  439 117320     0:00:04.546    55:56:24.685
jhi_service        4496   8   2  200   3760     0:00:00.031    55:56:24.540
LMS                3388   8   4  284   3996     0:00:00.312    55:56:24.404
SgrmBroker        10488   8   5   89   3732     0:00:00.703    55:56:24.045
svchost            3312   8   8  400   6152     0:00:04.453    55:56:23.906
svchost            3416   8   7  230   2692     0:00:00.562    55:56:23.776
svchost           13844   8   3  168   1944     0:00:00.078    55:55:48.475
svchost            6628   8   4  264   4156     0:00:22.390    55:54:24.897
svchost           13684   8   3  174   2648     0:00:07.218    49:47:30.990
svchost           15248   8  10  394   5488     0:00:25.296    36:31:15.672
svchost           17596   8   4  214   2204     0:00:00.437    34:18:36.100
svchost            7356   8   5  192   6752     0:00:00.046    34:18:36.076
csrss             10152  13  15  772   2796     0:01:17.625    23:07:53.338
winlogon          15900  13   5  278   2912     0:00:00.265    23:07:53.312
fontdrvhost       11204   8   5   32   5332     0:00:04.812    23:07:52.103
dwm               13444  13  15 1399 116124     0:11:55.250    23:07:52.039
NVDisplay.Container 16120   8  23  533  27380     0:00:02.281    23:07:48.951
RtkAudUService64   8924   8   3  231   1928     0:00:00.015    11:30:13.149
nvcontainer       17820   8  25  506  35616     0:00:09.546    11:30:13.111
sihost             3504   8  12  962  17580     0:00:35.250    11:30:13.017
svchost           10052   8   9  519   8520     0:00:02.875    11:30:13.009
taskhostw          9520   8  15  411  70396     0:00:42.968    11:30:12.993
igfxEM             1972   8   7  604  11988     0:00:08.421    11:30:12.914
explorer          18408   8 121 4995 186696     0:03:04.437    11:30:12.784
ECAgent            8220   8  15  486  10256     0:03:56.234    11:30:12.733
ctfmon             1800  13  14  736  15184     0:00:30.828    11:30:12.576
svchost             880   8   8  355   4196     0:00:00.609    11:30:12.380
ChsIME             4824   8 242 3391  33340     0:00:19.906    11:30:11.534
StartMenuExperienceHost  2428   8  14  711  38940     0:00:09.546    11:30:11.385
RuntimeBroker     13700   8   4  359   6928     0:00:00.718    11:30:11.191
SearchUI          10400   8  39 1193  81968     0:00:08.062    11:30:10.980
RuntimeBroker     15976   8   2  340   6032     0:00:03.546    11:30:10.768
ApplicationFrameHost  9760   8  17  728  52692     0:00:13.125    11:30:10.434
dllhost            8020   8  13  449   7864     0:00:02.796    11:30:10.189
RuntimeBroker      9564   8   8  736  13420     0:00:09.640    11:30:10.087
SettingSyncHost   13308   6   6  639  13580     0:00:16.015    11:30:09.791
NVIDIA Web Helper  9960   6  96  634  39280     0:00:02.968    11:30:09.602
RuntimeBroker      3872   8   2  308   4584     0:00:12.062    11:30:09.411
conhost           17304   6   2  122   6532     0:00:00.140    11:30:09.386
LockApp            5312   8  12  556  15116     0:00:01.140    11:30:09.229
RuntimeBroker     18068   8   5  380   9308     0:00:01.796    11:30:08.710
WindowsInternal.ComposableShell.Experiences.TextInput.InputApp 16360   8  17  668  13108     0:00:06.531    11:30:04.047
smartscreen        8428   8  18  543  26468     0:00:16.109    11:30:00.015
SecurityHealthSystray 17396   8   1  153   1848     0:00:00.062    11:29:59.416
RtkAudUService64  11192   8   7  298   2408     0:00:00.109    11:29:58.900
WavesSvc64         3208   8   8  421  14052     0:00:00.546    11:29:58.349
TIM                3948   8  84 1576 136496     0:01:58.625    11:29:57.827
TXPlatform        14488   8   2  215   4084     0:00:00.031    11:29:57.257
jusched           10940   8   1  160   1540     0:00:00.000    11:29:56.720
svchost             188   8   4  484   5752     0:00:00.796    11:29:15.773
SangforPromote     9440   8   3  341   5336     0:00:00.171    11:29:09.936
IAStorIcon        18128   8   5  299  34976     0:00:00.421    11:28:57.605
MsMpEng           19184   8  55 4200 822708     0:04:13.187    11:23:45.851
NisSrv            19240   8   8  197   5628     0:00:00.453    11:23:42.573
ShellExperienceHost 14016   8  17  801  25992     0:00:02.218    11:04:07.000
svchost           15184   8  16  563  11760     0:00:00.390     8:53:34.189
WeChat            10340   8  47 1371  96684     0:00:31.156     8:43:49.835
WeChatWeb         18312   8   6  362  27040     0:00:01.328     8:43:49.691
wlanext           12108   8   9  406   5392     0:00:00.593     6:14:23.098
conhost           13476   8   2  119   6424     0:00:00.015     6:14:23.073
WeChatApp          1904   8  52  816 131860     0:00:04.968     6:14:22.433
svchost            8448   8  10  192   2508     0:00:00.015     6:14:22.321
RuntimeBroker     16860   8  11  469   5428     0:00:00.609     6:08:43.375
svchost            3940   8   6  226   2572     0:00:00.046     6:08:43.336
svchost           10348   8   3  206   2280     0:00:00.046     6:08:39.732
SystemSettingsBroker  8956   8  14  450   7796     0:00:00.500     4:20:36.214
svchost           18092   8   3  165   2308     0:00:00.031     4:20:32.478
svchost            7112   8   3  138   1832     0:00:00.093     4:20:32.400
svchost            9436   8   4  131   2032     0:00:00.234     3:52:36.170
ApplePhotoStreams 12820   8  22  709  17484     0:00:01.343     3:02:30.123
APSDaemon          5504   8   9  395   7480     0:00:00.468     3:02:29.588
AcroRd32           1780   8  11  569  14700     0:00:00.515     3:00:04.895
AcroRd32          18456   8  13  758  97316     0:00:06.953     3:00:04.818
RdrCEF             8332   8  22  556  19744     0:00:00.562     2:59:59.128
RdrCEF            18972   8  13  339  63876     0:00:01.843     2:59:58.856
WeChatWeb         20776   8  13  342  76340     0:00:05.437     2:24:02.710
taskhostw         21048   8   3  172   3488     0:00:00.000     0:29:13.873
Microsoft.Photos  10184   8  16  637  49720     0:00:00.906     0:22:48.503
RuntimeBroker      1912   8   5  396  10404     0:00:00.265     0:22:46.488
MicrosoftEdge      7628   8  39 1437  41556     0:00:04.578     0:19:50.942
browser_broker     5496   8   8  518   8108     0:00:00.734     0:19:50.874
MicrosoftEdgeSH    2860   8  10  316   5696     0:00:02.921     0:19:50.769
MicrosoftEdgeCP   22132   8  67 1530 119824     0:00:05.109     0:19:50.763
notepad           21428   8  18  716  35100     0:00:04.578     0:18:26.401
MicrosoftEdgeCP    9972   8  78 1474 105532     0:00:04.312     0:13:51.525
MicrosoftEdgeCP   21208   8  86 1722 124640     0:00:07.718     0:13:43.247
MicrosoftEdgeCP   10848   8  94 1218  74936     0:00:01.734     0:13:39.027
MicrosoftEdgeCP   20560   8  16  514   6100     0:00:00.187     0:13:37.983
audiodg           12024   8   5  204   7836     0:00:00.703     0:10:26.154
svchost           21652   8   4  150   1908     0:00:00.000     0:08:35.057
Windows.WARP.JITService 14864   8   4  112   1324     0:00:00.015     0:08:35.025
svchost           17324   8   5  172   1784     0:00:00.015     0:08:31.981
MicrosoftEdgeCP   12852   8  79 1615 105500     0:00:03.781     0:07:51.930
MicrosoftEdgeCP    5760   8  16  507   6024     0:00:00.078     0:07:43.689
powershell        22340   8  13  788  63936     0:00:00.703     0:04:38.523
conhost            9588   8   8  266   5160     0:00:01.218     0:04:38.088
SearchProtocolHost 14152   4   6  376   2508     0:00:00.046     0:01:40.793
SearchFilterHost  10952   4   4  131   1416     0:00:00.015     0:01:40.779
pslist            16456  13   6  318   4272     0:00:00.343     0:00:03.287
